../Core/Src/stm32f1xx_hal_msp.c:66:6:HAL_MspInit	24	static
../Core/Src/stm32f1xx_hal_msp.c:92:6:HAL_I2C_MspInit	40	static
../Core/Src/stm32f1xx_hal_msp.c:126:6:HAL_I2C_MspDeInit	16	static
../Core/Src/stm32f1xx_hal_msp.c:157:6:HAL_TIM_Base_MspInit	24	static
../Core/Src/stm32f1xx_hal_msp.c:173:6:HAL_TIM_MspPostInit	40	static
../Core/Src/stm32f1xx_hal_msp.c:212:6:HAL_TIM_Base_MspDeInit	16	static
../Core/Src/stm32f1xx_hal_msp.c:230:13:HAL_FSMC_MspInit	32	static
../Core/Src/stm32f1xx_hal_msp.c:284:6:HAL_SRAM_MspInit	16	static
../Core/Src/stm32f1xx_hal_msp.c:296:13:HAL_FSMC_MspDeInit	8	static
../Core/Src/stm32f1xx_hal_msp.c:342:6:HAL_SRAM_MspDeInit	16	static
